// Jest Snapshot v1, https://goo.gl/fbAQLP

exports[`PersonalInformation renders a personal information component 1`] = `
<div
  className="ui container"
  id="page-personal-information"
>
  <div
    className="ui stackable top attached tabular menu"
  >
    <div
      className="active item"
      onClick={[Function]}
    >
      Personal Information
    </div>
    <a
      className="item"
      onClick={[Function]}
      style={Object {}}
    >
      <span>
        Personal Preferences
      </span>
    </a>
    <a
      className="item"
      onClick={[Function]}
      style={Object {}}
    >
      <span>
        Change Password
      </span>
    </a>
  </div>
  <div
    className="ui container"
  >
    <form
      action={undefined}
      className="ui form"
      method="post"
      onSubmit={[Function]}
    >
      <div
        className="ui raised segments"
      >
        <div
          className="ui segment"
        >
          <div
            className="inline field help"
          >
            <div
              className="ui grid"
            >
              <div
                className="stretched row"
              >
                <div
                  className="four wide column"
                >
                  <div
                    className="wrapper"
                  >
                    <label
                      htmlFor="field-fullname"
                    >
                      Full Name
                    </label>
                  </div>
                </div>
                <div
                  className="eight wide column"
                >
                  <div
                    className="ui input"
                  >
                    <input
                      disabled={false}
                      id="field-fullname"
                      name="fullname"
                      onChange={[Function]}
                      tabIndex={undefined}
                      type="text"
                      value=""
                    />
                  </div>
                </div>
              </div>
              <div
                className="stretched row"
              >
                <div
                  className="stretched twelve wide column"
                >
                  <p
                    className="help"
                  >
                    Enter full name, e.g. John Smith.
                  </p>
                </div>
              </div>
            </div>
          </div>
          <div
            className="inline required field help"
          >
            <div
              className="ui grid"
            >
              <div
                className="stretched row"
              >
                <div
                  className="four wide column"
                >
                  <div
                    className="wrapper"
                  >
                    <label
                      htmlFor="field-email"
                    >
                      E-mail
                    </label>
                  </div>
                </div>
                <div
                  className="eight wide column"
                >
                  <div
                    className="ui input"
                  >
                    <input
                      disabled={false}
                      id="field-email"
                      name="email"
                      onChange={[Function]}
                      tabIndex={undefined}
                      type="text"
                      value=""
                    />
                  </div>
                </div>
              </div>
              <div
                className="stretched row"
              >
                <div
                  className="stretched twelve wide column"
                >
                  <p
                    className="help"
                  >
                    We will use this address if you need to recover your password
                  </p>
                </div>
              </div>
            </div>
          </div>
          <div
            className="inline field help"
          >
            <div
              className="ui grid"
            >
              <div
                className="stretched row"
              >
                <div
                  className="four wide column"
                >
                  <div
                    className="wrapper"
                  >
                    <label
                      htmlFor="field-home_page"
                    >
                      Home page
                    </label>
                  </div>
                </div>
                <div
                  className="eight wide column"
                >
                  <div
                    className="ui input"
                  >
                    <input
                      disabled={false}
                      id="field-home_page"
                      name="home_page"
                      onChange={[Function]}
                      tabIndex={undefined}
                      type="text"
                      value=""
                    />
                  </div>
                </div>
              </div>
              <div
                className="stretched row"
              >
                <div
                  className="stretched twelve wide column"
                >
                  <p
                    className="help"
                  >
                    The URL for your external home page, if you have one.
                  </p>
                </div>
              </div>
            </div>
          </div>
          <div
            className="inline field help"
          >
            <div
              className="ui grid"
            >
              <div
                className="stretched row"
              >
                <div
                  className="four wide column"
                >
                  <div
                    className="wrapper"
                  >
                    <label
                      htmlFor="field-location"
                    >
                      Location
                    </label>
                  </div>
                </div>
                <div
                  className="eight wide column"
                >
                  <div
                    className="ui input"
                  >
                    <input
                      disabled={false}
                      id="field-location"
                      name="location"
                      onChange={[Function]}
                      tabIndex={undefined}
                      type="text"
                      value=""
                    />
                  </div>
                </div>
              </div>
              <div
                className="stretched row"
              >
                <div
                  className="stretched twelve wide column"
                >
                  <p
                    className="help"
                  >
                    Your location - either city and country - or in a company setting, where your office is located.
                  </p>
                </div>
              </div>
            </div>
          </div>
        </div>
        <div
          className="ui clearing segment actions"
        >
          <button
            className="ui big basic circular icon primary right floated button"
            disabled={undefined}
            onClick={[Function]}
            role="button"
            tabIndex={undefined}
            title="Save"
            type="submit"
          >
            <i
              aria-hidden="true"
              className="arrow right icon"
            />
          </button>
          <button
            className="ui big basic circular icon secondary right floated button"
            disabled={undefined}
            onClick={[Function]}
            role="button"
            tabIndex={undefined}
            title="Cancel"
          >
            <i
              aria-hidden="true"
              className="remove icon"
            />
          </button>
        </div>
      </div>
    </form>
  </div>
  <div
    id="Portal"
  />
</div>
`;
