// Jest Snapshot v1, https://goo.gl/fbAQLP

exports[`renders a view image component 1`] = `
<p
  className="tile image align"
>
  <img
    alt=""
    className="ui image"
    src="image.jpg/@@images/image"
  />
</p>
`;
