// Jest Snapshot v1, https://goo.gl/fbAQLP

exports[`SearchTags renders a search tags component 1`] = `
<div>
  <a
    className="ui label"
    onClick={[Function]}
    style={Object {}}
  >
    Tag 1
  </a>
  <a
    className="ui label"
    onClick={[Function]}
    style={Object {}}
  >
    Tag 2
  </a>
</div>
`;
