// Jest Snapshot v1, https://goo.gl/fbAQLP

exports[`renders a view text component 1`] = `
<p
  dangerouslySetInnerHTML={
    Object {
      "__html": "<h1>My Header</h1>",
    }
  }
/>
`;
