// Jest Snapshot v1, https://goo.gl/fbAQLP

exports[`Actions renders an actions component 1`] = `
<div
  aria-busy={undefined}
  aria-disabled={undefined}
  aria-expanded={false}
  aria-multiselectable={undefined}
  className="ui item dropdown"
  id="toolbar-actions"
  onBlur={[Function]}
  onChange={[Function]}
  onClick={[Function]}
  onFocus={[Function]}
  onMouseDown={[Function]}
  role="listbox"
  tabIndex={0}
>
  <span>
    <i
      aria-hidden="true"
      className="lightning big icon"
    />
     
    <span>
      Actions
    </span>
  </span>
  <i
    aria-hidden="true"
    className="dropdown icon"
    onClick={[Function]}
  />
  <div
    className="menu transition"
  >
    <div
      aria-checked={undefined}
      aria-disabled={undefined}
      aria-selected={undefined}
      className="item"
      onClick={[Function]}
      role="option"
    >
      <i
        aria-hidden="true"
        className="cut icon"
      />
      <span
        className="text"
      >
        Cut
      </span>
    </div>
    <div
      aria-checked={undefined}
      aria-disabled={undefined}
      aria-selected={undefined}
      className="item"
      onClick={[Function]}
      role="option"
    >
      <i
        aria-hidden="true"
        className="copy icon"
      />
      <span
        className="text"
      >
        Copy
      </span>
    </div>
    <a
      className="item"
      onClick={[Function]}
      style={Object {}}
    >
      <i
        aria-hidden="true"
        className="trash icon"
      />
      Delete
    </a>
    <div
      aria-checked={undefined}
      aria-disabled={undefined}
      aria-selected={undefined}
      className="item"
      onClick={[Function]}
      role="option"
    >
      <i
        aria-hidden="true"
        className="text cursor icon"
      />
      <span
        className="text"
      >
        Rename
      </span>
    </div>
    <div
      className="RenameModal"
    />
  </div>
</div>
`;
