// Jest Snapshot v1, https://goo.gl/fbAQLP

exports[`Anontools renders an anontools component when no token is specified 1`] = `
<div
  className="ui horizontal right floated list"
  role="list"
>
  <a
    className="item"
    onClick={[Function]}
    style={Object {}}
  >
    <span>
      Log in
    </span>
  </a>
  <a
    className="item"
    onClick={[Function]}
    style={Object {}}
  >
    <span>
      Register
    </span>
  </a>
</div>
`;

exports[`Anontools should not render an anontools component when a token is specified 1`] = `null`;
