// Jest Snapshot v1, https://goo.gl/fbAQLP

exports[`Workflow renders a workflow component 1`] = `
<div
  aria-busy={undefined}
  aria-disabled={undefined}
  aria-expanded={false}
  aria-multiselectable={undefined}
  className="ui item dropdown"
  onBlur={[Function]}
  onChange={[Function]}
  onClick={[Function]}
  onFocus={[Function]}
  onMouseDown={[Function]}
  role="listbox"
  tabIndex={0}
>
  <span>
    <i
      aria-hidden="true"
      className="random big icon"
    />
     
    <span>
      State: private
    </span>
  </span>
  <i
    aria-hidden="true"
    className="dropdown icon"
    onClick={[Function]}
  />
  <div
    className="menu transition"
  >
    <div
      aria-checked={undefined}
      aria-disabled={undefined}
      aria-selected={undefined}
      className="item"
      onClick={[Function]}
      role="option"
    >
      <span
        className="text"
      >
        Publish
      </span>
    </div>
  </div>
</div>
`;

exports[`Workflow renders an empty workflow component 1`] = `<span />`;
